# serializer version: 1
# name: test_entry_diagnostics
  dict({
    'config_entry': dict({
      'data': dict({
        'device_class': 'shutter',
        'name': 'Test Shutter',
        'remote_entity': 'remote.test_gateway',
        'travelling_time_down': 10,
        'travelling_time_up': 10,
      }),
      'disabled_by': None,
      'discovery_keys': dict({
      }),
      'domain': 'rf_cover_time_based',
      'entry_id': 'test-shutter',
      'minor_version': 1,
      'options': dict({
      }),
      'pref_disable_new_entities': False,
      'pref_disable_polling': False,
      'source': 'user',
      'title': 'Mock Title',
      'unique_id': None,
      'version': 1,
    }),
    'cover_entity': dict({
      'attributes': dict({
      }),
      'entity_id': None,
      'state': 'not_found',
    }),
    'remote_gateway': dict({
      'attributes': dict({
      }),
      'entity_id': 'remote.test_gateway',
      'state': 'not_found',
    }),
  })
# ---
